// Vitest Snapshot v1, https://vitest.dev/guide/snapshot.html

exports[`renders snapshot of blog details page 1`] = `<BlogDetails />`;

exports[`renders snapshot of blog page 1`] = `<BlogDetails />`;
