// Vitest Snapshot v1, https://vitest.dev/guide/snapshot.html

exports[`renders snapshot of blog details page 1`] = `<Error404 />`;
