// Vitest Snapshot v1, https://vitest.dev/guide/snapshot.html

exports[`renders snapshot of app 1`] = `<App />`;
